// Jest Snapshot v1, https://goo.gl/fbAQLP

exports[`Should render expense listitem correctly 1`] = `
<div>
  <Link
    to="/edit/1"
  >
    <h3>
      Gum
    </h3>
  </Link>
  <p>
    195
     - 
    12-31-1969
     
  </p>
</div>
`;
