// Jest Snapshot v1, https://goo.gl/fbAQLP

exports[`Should render Login Page correctly 1`] = `
<div>
  <button
    onClick={[Function]}
  >
    LogIn
  </button>
</div>
`;
